[
  {
    "tags": [
      {
        "type": "example",
        "string": "    utils.escape('<script></script>')\n    // => '&lt;script&gt;&lt;/script&gt;'\n"
      },
      {
        "type": "param",
        "name": "html",
        "description": "<p>string to be escaped</p>",
        "types": [
          "String"
        ],
        "typesDescription": "<code>String</code>",
        "optional": false,
        "nullable": false,
        "nonNullable": false,
        "variable": false
      },
      {
        "type": "return",
        "types": [
          "String"
        ],
        "typesDescription": "<code>String</code>",
        "optional": false,
        "nullable": false,
        "nonNullable": false,
        "variable": false,
        "description": "<p>escaped html</p>"
      },
      {
        "type": "api",
        "visibility": "public"
      }
    ],
    "description": {
      "full": "<p>Escape the given <code>html</code>.</p>",
      "summary": "<p>Escape the given <code>html</code>.</p>",
      "body": ""
    },
    "isPrivate": false,
    "isConstructor": false,
    "isEvent": false,
    "ignore": false,
    "line": 1,
    "codeStart": 13,
    "code": "exports.escape = function(html){\n  return String(html)\n    .replace(/&(?!\\w+;)/g, '&amp;')\n    .replace(/</g, '&lt;')\n    .replace(/>/g, '&gt;');\n};",
    "ctx": {
      "type": "method",
      "receiver": "exports",
      "name": "escape",
      "string": "exports.escape()"
    }
  }
]